// Jest Snapshot v1, https://goo.gl/fbAQLP

exports[`Feed should match snapshot if list is not undefined 1`] = `
<div
  className="baseFeed"
>
  <ul>
    <li
      key="1"
    >
      <Post
        content="mock_content"
        date="mock_date"
        id="1"
        name="mock_name"
      />
    </li>
    <li
      key="2"
    >
      <Post
        content="mock_content"
        date="mock_date"
        id="2"
        name="mock_name"
      />
    </li>
    <li
      key="3"
    >
      <Post
        content="mock_content"
        date="mock_date"
        id="3"
        name="mock_name"
      />
    </li>
  </ul>
</div>
`;

exports[`Feed should match snapshot if list is undefined 1`] = `
<div
  className="baseFeed"
>
  <ul>
    <h1>
      Loading
    </h1>
  </ul>
</div>
`;
